#
# There is insufficient memory for the Java Runtime Environment to continue.
# Native memory allocation (mmap) failed to map 1073741824 bytes. Error detail: G1 virtual space
# Possible reasons:
#   The system is out of physical RAM or swap space
#   This process is running with CompressedOops enabled, and the Java Heap may be blocking the growth of the native heap
# Possible solutions:
#   Reduce memory load on the system
#   Increase physical memory or swap space
#   Check if swap backing store is full
#   Decrease Java heap size (-Xmx/-Xms)
#   Decrease number of Java threads
#   Decrease Java thread stack sizes (-Xss)
#   Set larger code cache with -XX:ReservedCodeCacheSize=
#   JVM is running with Unscaled Compressed Oops mode in which the Java heap is
#     placed in the first 4GB address space. The Java Heap base address is the
#     maximum limit for the native heap growth. Please use -XX:HeapBaseMinAddress
#     to set the Java Heap base and to place the Java Heap above 4GB virtual address.
# This output file may be truncated or incomplete.
#
#  Out of Memory Error (os_windows.cpp:3898), pid=22320, tid=6708
#
# JRE version:  (21.0.6+9) (build )
# Java VM: OpenJDK 64-Bit Server VM (21.0.6+9-b895.109, mixed mode, sharing, tiered, compressed oops, compressed class ptrs, g1 gc, windows-amd64)
# No core dump will be written. Minidumps are not enabled by default on client versions of Windows
#

---------------  S U M M A R Y ------------

Command Line: -Djava.rmi.server.hostname=127.0.0.1 -Duser.timezone=UTC -Xmx2048m -Xms1024m -Djdbc.classpath=C:\Users\34735\AppData\Local\Temp\RemoteDriver1.classpath.txt --add-exports=java.desktop/sun.awt=ALL-UNNAMED --add-exports=java.desktop/java.awt.peer=ALL-UNNAMED --add-opens=java.desktop/java.awt=ALL-UNNAMED --add-opens=jdk.unsupported/sun.misc=ALL-UNNAMED --add-opens=java.base/java.nio=ALL-UNNAMED --add-opens=java.base/java.util=ALL-UNNAMED -Dfile.encoding=UTF-8 -Dsun.stdout.encoding=UTF-8 -Dsun.stderr.encoding=UTF-8 com.intellij.database.remote.RemoteJdbcServer com.mysql.cj.jdbc.Driver

Host: 13th Gen Intel(R) Core(TM) i9-13900HX, 32 cores, 15G,  Windows 11 , 64 bit Build 22621 (10.0.22621.5124)
Time: Wed Apr 30 16:29:14 2025  Windows 11 , 64 bit Build 22621 (10.0.22621.5124) elapsed time: 0.014651 seconds (0d 0h 0m 0s)

---------------  T H R E A D  ---------------

Current thread (0x000001eede28fea0):  JavaThread "Unknown thread" [_thread_in_vm, id=6708, stack(0x0000006182900000,0x0000006182a00000) (1024K)]

Stack: [0x0000006182900000,0x0000006182a00000]
Native frames: (J=compiled Java code, j=interpreted, Vv=VM code, C=native code)
V  [jvm.dll+0x6e5cb9]
V  [jvm.dll+0x8c4113]
V  [jvm.dll+0x8c666e]
V  [jvm.dll+0x8c6d53]
V  [jvm.dll+0x288f76]
V  [jvm.dll+0x6e2575]
V  [jvm.dll+0x6d602a]
V  [jvm.dll+0x3635db]
V  [jvm.dll+0x36b1a6]
V  [jvm.dll+0x3bd4f6]
V  [jvm.dll+0x3bd7c8]
V  [jvm.dll+0x335d2c]
V  [jvm.dll+0x336a1b]
V  [jvm.dll+0x88b569]
V  [jvm.dll+0x3ca6c8]
V  [jvm.dll+0x8745b8]
V  [jvm.dll+0x45f0de]
V  [jvm.dll+0x460dc1]
C  [jli.dll+0x52ab]
C  [ucrtbase.dll+0x29333]
C  [KERNEL32.DLL+0x1259d]
C  [ntdll.dll+0x5af38]


---------------  P R O C E S S  ---------------

Threads class SMR info:
_java_thread_list=0x00007ffc7894a148, length=0, elements={
}

Java Threads: ( => current thread )
Total: 0

Other Threads:
  0x000001eede2ece80 WorkerThread "GC Thread#0"                     [id=7788, stack(0x0000006182a00000,0x0000006182b00000) (1024K)]
  0x000001eede2ff020 ConcurrentGCThread "G1 Main Marker"            [id=7124, stack(0x0000006182b00000,0x0000006182c00000) (1024K)]
  0x000001eede300ad0 WorkerThread "G1 Conc#0"                       [id=10584, stack(0x0000006182c00000,0x0000006182d00000) (1024K)]

[error occurred during error reporting (printing all threads), id 0xc0000005, EXCEPTION_ACCESS_VIOLATION (0xc0000005) at pc=0x00007ffc78038e07]
VM state: not at safepoint (not fully initialized)

VM Mutex/Monitor currently owned by a thread:  ([mutex/lock_event])
[0x00007ffc789beb30] Heap_lock - owner thread: 0x000001eede28fea0

Heap address: 0x0000000080000000, size: 2048 MB, Compressed Oops mode: 32-bit

CDS archive(s) mapped at: [0x0000000000000000-0x0000000000000000-0x0000000000000000), size 0, SharedBaseAddress: 0x0000000800000000, ArchiveRelocationMode: 1.
Narrow klass base: 0x0000000000000000, Narrow klass shift: 0, Narrow klass range: 0x0

GC Precious Log:
 CardTable entry size: 512
 Card Set container configuration: InlinePtr #cards 5 size 8 Array Of Cards #cards 12 size 40 Howl #buckets 4 coarsen threshold 1843 Howl Bitmap #cards 512 size 80 coarsen threshold 460 Card regions per heap region 1 cards per card region 2048

Heap:
 garbage-first heap   total 0K, used 0K [0x0000000080000000, 0x0000000100000000)
  region size 1024K, 0 young (0K), 0 survivors (0K)
 Metaspace       used 0K, committed 0K, reserved 0K
  class space    used 0K, committed 0K, reserved 0K

Heap Regions: E=young(eden), S=young(survivor), O=old, HS=humongous(starts), HC=humongous(continues), CS=collection set, F=free, TAMS=top-at-mark-start, PB=parsable bottom

Card table byte_map: [0x000001eef29e0000,0x000001eef2de0000] _byte_map_base: 0x000001eef25e0000

Marking Bits: (CMBitMap*) 0x000001eede2ed580
 Bits: [0x000001eef2de0000, 0x000001eef4de0000)

GC Heap History (0 events):
No events

Dll operation events (1 events):
Event: 0.010 Loaded shared library E:\IntelliJ IDEA 2025.1\jbr\bin\java.dll

Deoptimization events (0 events):
No events

Classes loaded (0 events):
No events

Classes unloaded (0 events):
No events

Classes redefined (0 events):
No events

Internal exceptions (0 events):
No events

ZGC Phase Switch (0 events):
No events

VM Operations (0 events):
No events

Memory protections (0 events):
No events

Nmethod flushes (0 events):
No events

Events (0 events):
No events


Dynamic libraries:
0x00007ff676590000 - 0x00007ff67659a000 	E:\IntelliJ IDEA 2025.1\jbr\bin\java.exe
0x00007ffd4fc90000 - 0x00007ffd4fea7000 	C:\Windows\SYSTEM32\ntdll.dll
0x00007ffd4d9a0000 - 0x00007ffd4da64000 	C:\Windows\System32\KERNEL32.DLL
0x00007ffd4d550000 - 0x00007ffd4d923000 	C:\Windows\System32\KERNELBASE.dll
0x00007ffd4cda0000 - 0x00007ffd4ceb1000 	C:\Windows\System32\ucrtbase.dll
0x00007ffd399a0000 - 0x00007ffd399b8000 	E:\IntelliJ IDEA 2025.1\jbr\bin\jli.dll
0x00007ffd4eaf0000 - 0x00007ffd4eca1000 	C:\Windows\System32\USER32.dll
0x00007ffd4d030000 - 0x00007ffd4d056000 	C:\Windows\System32\win32u.dll
0x00007ffd4e720000 - 0x00007ffd4e749000 	C:\Windows\System32\GDI32.dll
0x00007ffd3a7d0000 - 0x00007ffd3aa68000 	C:\Windows\WinSxS\amd64_microsoft.windows.common-controls_6595b64144ccf1df_6.0.22621.5124_none_270e8f4f7386d69d\COMCTL32.dll
0x00007ffd4ecc0000 - 0x00007ffd4ed67000 	C:\Windows\System32\msvcrt.dll
0x00007ffd4d2d0000 - 0x00007ffd4d3eb000 	C:\Windows\System32\gdi32full.dll
0x00007ffd4d3f0000 - 0x00007ffd4d48a000 	C:\Windows\System32\msvcp_win.dll
0x00007ffd47330000 - 0x00007ffd4734b000 	E:\IntelliJ IDEA 2025.1\jbr\bin\VCRUNTIME140.dll
0x00007ffd4dc00000 - 0x00007ffd4dc31000 	C:\Windows\System32\IMM32.DLL
0x00007ffd39980000 - 0x00007ffd3998c000 	E:\IntelliJ IDEA 2025.1\jbr\bin\vcruntime140_1.dll
0x00007ffd2a860000 - 0x00007ffd2a8ed000 	E:\IntelliJ IDEA 2025.1\jbr\bin\msvcp140.dll
0x00007ffc77cf0000 - 0x00007ffc78ab1000 	E:\IntelliJ IDEA 2025.1\jbr\bin\server\jvm.dll
0x00007ffd4f400000 - 0x00007ffd4f4b1000 	C:\Windows\System32\ADVAPI32.dll
0x00007ffd4ed70000 - 0x00007ffd4ee18000 	C:\Windows\System32\sechost.dll
0x00007ffd4d1a0000 - 0x00007ffd4d1c8000 	C:\Windows\System32\bcrypt.dll
0x00007ffd4e9d0000 - 0x00007ffd4eae4000 	C:\Windows\System32\RPCRT4.dll
0x00007ffd4e870000 - 0x00007ffd4e8e1000 	C:\Windows\System32\WS2_32.dll
0x00007ffd4bbe0000 - 0x00007ffd4bc2d000 	C:\Windows\SYSTEM32\POWRPROF.dll
0x00007ffd3e8c0000 - 0x00007ffd3e8ca000 	C:\Windows\SYSTEM32\VERSION.dll
0x00007ffd45990000 - 0x00007ffd459c4000 	C:\Windows\SYSTEM32\WINMM.dll
0x00007ffd4bbc0000 - 0x00007ffd4bbd3000 	C:\Windows\SYSTEM32\UMPDC.dll
0x00007ffd4be80000 - 0x00007ffd4be98000 	C:\Windows\SYSTEM32\kernel.appcore.dll
0x00007ffd39a60000 - 0x00007ffd39a6a000 	E:\IntelliJ IDEA 2025.1\jbr\bin\jimage.dll
0x00007ffd4a250000 - 0x00007ffd4a482000 	C:\Windows\SYSTEM32\DBGHELP.DLL
0x00007ffd4eeb0000 - 0x00007ffd4f242000 	C:\Windows\System32\combase.dll
0x00007ffd4fb70000 - 0x00007ffd4fc47000 	C:\Windows\System32\OLEAUT32.dll
0x00007ffd22850000 - 0x00007ffd22882000 	C:\Windows\SYSTEM32\dbgcore.DLL
0x00007ffd4d1d0000 - 0x00007ffd4d24b000 	C:\Windows\System32\bcryptPrimitives.dll
0x00007ffd158e0000 - 0x00007ffd15900000 	E:\IntelliJ IDEA 2025.1\jbr\bin\java.dll

dbghelp: loaded successfully - version: 4.0.5 - missing functions: none
symbol engine: initialized successfully - sym options: 0x614 - pdb path: .;E:\IntelliJ IDEA 2025.1\jbr\bin;C:\Windows\SYSTEM32;C:\Windows\WinSxS\amd64_microsoft.windows.common-controls_6595b64144ccf1df_6.0.22621.5124_none_270e8f4f7386d69d;E:\IntelliJ IDEA 2025.1\jbr\bin\server

VM Arguments:
jvm_args: -Djava.rmi.server.hostname=127.0.0.1 -Duser.timezone=UTC -Xmx2048m -Xms1024m -Djdbc.classpath=C:\Users\34735\AppData\Local\Temp\RemoteDriver1.classpath.txt --add-exports=java.desktop/sun.awt=ALL-UNNAMED --add-exports=java.desktop/java.awt.peer=ALL-UNNAMED --add-opens=java.desktop/java.awt=ALL-UNNAMED --add-opens=jdk.unsupported/sun.misc=ALL-UNNAMED --add-opens=java.base/java.nio=ALL-UNNAMED --add-opens=java.base/java.util=ALL-UNNAMED -Dfile.encoding=UTF-8 -Dsun.stdout.encoding=UTF-8 -Dsun.stderr.encoding=UTF-8 
java_command: com.intellij.database.remote.RemoteJdbcServer com.mysql.cj.jdbc.Driver
java_class_path (initial): E:\IntelliJ IDEA 2025.1\lib\util_rt.jar;E:\IntelliJ IDEA 2025.1\lib\util-8.jar;E:\IntelliJ IDEA 2025.1\lib\groovy.jar;E:\IntelliJ IDEA 2025.1\plugins\DatabaseTools\lib\jdbc-console.jar;E:\IntelliJ IDEA 2025.1\lib\modules\intellij.grid.types.jar;E:\IntelliJ IDEA 2025.1\lib\util.jar;E:\IntelliJ IDEA 2025.1\lib\bouncy-castle.jar
Launcher Type: SUN_STANDARD

[Global flags]
     intx CICompilerCount                          = 15                                        {product} {ergonomic}
     uint ConcGCThreads                            = 6                                         {product} {ergonomic}
     uint G1ConcRefinementThreads                  = 23                                        {product} {ergonomic}
   size_t G1HeapRegionSize                         = 1048576                                   {product} {ergonomic}
    uintx GCDrainStackTargetSize                   = 64                                        {product} {ergonomic}
   size_t InitialHeapSize                          = 1073741824                                {product} {command line}
   size_t MarkStackSize                            = 4194304                                   {product} {ergonomic}
   size_t MaxHeapSize                              = 2147483648                                {product} {command line}
   size_t MinHeapDeltaBytes                        = 1048576                                   {product} {ergonomic}
   size_t MinHeapSize                              = 1073741824                                {product} {command line}
    uintx NonNMethodCodeHeapSize                   = 8192380                                {pd product} {ergonomic}
    uintx NonProfiledCodeHeapSize                  = 121732930                              {pd product} {ergonomic}
    uintx ProfiledCodeHeapSize                     = 121732930                              {pd product} {ergonomic}
    uintx ReservedCodeCacheSize                    = 251658240                              {pd product} {ergonomic}
     bool SegmentedCodeCache                       = true                                      {product} {ergonomic}
   size_t SoftMaxHeapSize                          = 2147483648                             {manageable} {ergonomic}
     bool UseCompressedOops                        = true                           {product lp64_product} {ergonomic}
     bool UseG1GC                                  = true                                      {product} {ergonomic}
     bool UseLargePagesIndividualAllocation        = false                                  {pd product} {ergonomic}

Logging:
Log output configuration:
 #0: stdout all=warning uptime,level,tags foldmultilines=false
 #1: stderr all=off uptime,level,tags foldmultilines=false

Environment Variables:
JAVA_HOME=C:\Program Files\Java\jdk-17
PATH=C:\Program Files (x86)\oh-my-posh\bin\;E:\Erlang OTP\bin;E:\rabbitMQ\rabbitmq_server-4.0.7\sbin;C:\Program Files\Git;C:\Program Files\Git\cmd;C:\Program Files\Docker\Docker\resources\bin;C:\Program Files (x86)\GnuWin32\bin;C:\Program Files\dotnet\;C:\Program Files\PowerShell\7\;C:\Program Files\NVIDIA Corporation\NVIDIA App\NvDLISR;E:\node;C:\Users\34735\AppData\Local\Programs\oh-my-posh\bin\;C:\Program Files\MySQL\MySQL Shell 8.0\bin\;C:\Users\34735\AppData\Local\Microsoft\WindowsApps;C:\Users\34735\AppData\Local\Microsoft\WinGet\Packages\Schniz.fnm_Microsoft.Winget.Source_8wekyb3d8bbwe;C:\Users\34735\AppData\Roaming\npm;E:\Microsoft VS Code\bin;E:\WebStorm 2024.3.2.1\bin;;E:\IntelliJ IDEA 2025.1\bin;
USERNAME=Lenovo
OS=Windows_NT
PROCESSOR_IDENTIFIER=Intel64 Family 6 Model 183 Stepping 1, GenuineIntel
TMP=C:\Users\34735\AppData\Local\Temp
TEMP=C:\Users\34735\AppData\Local\Temp




Periodic native trim disabled

JNI global refs:
JNI global refs: 0, weak refs: 0

JNI global refs memory usage: 0, weak refs: 0

Process memory usage:
Resident Set Size: 12724K (0% of 16580472K total physical memory with 3516392K free physical memory)

OOME stack traces (most recent first):
Classloader memory used:

---------------  S Y S T E M  ---------------

OS:
 Windows 11 , 64 bit Build 22621 (10.0.22621.5124)
OS uptime: 0 days 0:10 hours
Hyper-V role detected

CPU: total 32 (initial active 32) (16 cores per cpu, 2 threads per core) family 6 model 183 stepping 1 microcode 0x125, cx8, cmov, fxsr, ht, mmx, 3dnowpref, sse, sse2, sse3, ssse3, sse4.1, sse4.2, popcnt, lzcnt, tsc, tscinvbit, avx, avx2, aes, erms, clmul, bmi1, bmi2, adx, sha, fma, vzeroupper, clflush, clflushopt, clwb, hv, serialize, rdtscp, rdpid, fsrm, f16c, cet_ibt, cet_ss
Processor Information for processor 0
  Max Mhz: 2200, Current Mhz: 2200, Mhz Limit: 2200
Processor Information for processor 1
  Max Mhz: 2200, Current Mhz: 1466, Mhz Limit: 2200
Processor Information for processor 2
  Max Mhz: 2200, Current Mhz: 2200, Mhz Limit: 2200
Processor Information for processor 3
  Max Mhz: 2200, Current Mhz: 1466, Mhz Limit: 2200
Processor Information for processor 4
  Max Mhz: 2200, Current Mhz: 2200, Mhz Limit: 2200
Processor Information for processor 5
  Max Mhz: 2200, Current Mhz: 1466, Mhz Limit: 2200
Processor Information for processor 6
  Max Mhz: 2200, Current Mhz: 2200, Mhz Limit: 2200
Processor Information for processor 7
  Max Mhz: 2200, Current Mhz: 1466, Mhz Limit: 2200
Processor Information for processor 8
  Max Mhz: 2200, Current Mhz: 1466, Mhz Limit: 2200
Processor Information for processor 9
  Max Mhz: 2200, Current Mhz: 2200, Mhz Limit: 2200
Processor Information for processor 10
  Max Mhz: 2200, Current Mhz: 1466, Mhz Limit: 2200
Processor Information for processor 11
  Max Mhz: 2200, Current Mhz: 2200, Mhz Limit: 2200
Processor Information for processor 12
  Max Mhz: 2200, Current Mhz: 1466, Mhz Limit: 2200
Processor Information for processor 13
  Max Mhz: 2200, Current Mhz: 2200, Mhz Limit: 2200
Processor Information for processor 14
  Max Mhz: 2200, Current Mhz: 2200, Mhz Limit: 2200
Processor Information for processor 15
  Max Mhz: 2200, Current Mhz: 1466, Mhz Limit: 2200
Processor Information for processor 16
  Max Mhz: 2200, Current Mhz: 1512, Mhz Limit: 2200
Processor Information for processor 17
  Max Mhz: 2200, Current Mhz: 1512, Mhz Limit: 2200
Processor Information for processor 18
  Max Mhz: 2200, Current Mhz: 1512, Mhz Limit: 2200
Processor Information for processor 19
  Max Mhz: 2200, Current Mhz: 1512, Mhz Limit: 2200
Processor Information for processor 20
  Max Mhz: 2200, Current Mhz: 1512, Mhz Limit: 2200
Processor Information for processor 21
  Max Mhz: 2200, Current Mhz: 2200, Mhz Limit: 2200
Processor Information for processor 22
  Max Mhz: 2200, Current Mhz: 2200, Mhz Limit: 2200
Processor Information for processor 23
  Max Mhz: 2200, Current Mhz: 1512, Mhz Limit: 2200
Processor Information for processor 24
  Max Mhz: 2200, Current Mhz: 1512, Mhz Limit: 2200
Processor Information for processor 25
  Max Mhz: 2200, Current Mhz: 1512, Mhz Limit: 2200
Processor Information for processor 26
  Max Mhz: 2200, Current Mhz: 1512, Mhz Limit: 2200
Processor Information for processor 27
  Max Mhz: 2200, Current Mhz: 1512, Mhz Limit: 2200
Processor Information for processor 28
  Max Mhz: 2200, Current Mhz: 2200, Mhz Limit: 2200
Processor Information for processor 29
  Max Mhz: 2200, Current Mhz: 2200, Mhz Limit: 2200
Processor Information for processor 30
  Max Mhz: 2200, Current Mhz: 2200, Mhz Limit: 2200
Processor Information for processor 31
  Max Mhz: 2200, Current Mhz: 2200, Mhz Limit: 2200

Memory: 4k page, system-wide physical 16191M (3433M free)
TotalPageFile size 16191M (AvailPageFile size 631M)
current process WorkingSet (physical memory assigned to process): 12M, peak: 12M
current process commit charge ("private bytes"): 91M, peak: 1115M

vm_info: OpenJDK 64-Bit Server VM (21.0.6+9-b895.109) for windows-amd64 JRE (21.0.6+9-b895.109), built on 2025-03-26 by "builduser" with MS VC++ 16.10 / 16.11 (VS2019)

END.
